{
  "commands": [
    {
      "allowedTools": [],
      "description": "体检本机环境并装齐缺失依赖 — Python 视频包/ffmpeg/Node/registry 连通性；浏览器录制由 ZCode 内置 Browser Use 提供",
      "disableNonInteractive": false,
      "frontmatterKeys": [
        "description",
        "argument-hint",
        "skills"
      ],
      "name": "env-check",
      "path": "/Users/vipulkumar/.zcode/cli/plugins/cache/zcode-plugins-official/video2code/0.6.0/commands/env-check.md",
      "rootPath": "/Users/vipulkumar/.zcode/cli/plugins/cache/zcode-plugins-official/video2code/0.6.0/commands",
      "scope": "user",
      "skills": [
        "env-setup"
      ],
      "source": "plugin",
      "argumentHint": "[--fix]"
    },
    {
      "allowedTools": [],
      "description": "用 ZCode 内置 Browser Use WebView 把网站 URL 的动效录成 WebM 再用 ffmpeg 转 MP4 — 踩点→编排动作→录制→转码→审片",
      "disableNonInteractive": false,
      "frontmatterKeys": [
        "description",
        "argument-hint",
        "skills"
      ],
      "name": "record",
      "path": "/Users/vipulkumar/.zcode/cli/plugins/cache/zcode-plugins-official/video2code/0.6.0/commands/record.md",
      "rootPath": "/Users/vipulkumar/.zcode/cli/plugins/cache/zcode-plugins-official/video2code/0.6.0/commands",
      "scope": "user",
      "skills": [
        "url2video"
      ],
      "source": "plugin",
      "argumentHint": "<url> [输出名]"
    },
    {
      "allowedTools": [],
      "description": "复刻一段网页录屏 — 观察→切片→计划→构建→录像对照验证, 产出 out/plan.md、out/verify.jsonl、out/report.md 三件套",
      "disableNonInteractive": false,
      "frontmatterKeys": [
        "description",
        "argument-hint",
        "skills"
      ],
      "name": "replicate",
      "path": "/Users/vipulkumar/.zcode/cli/plugins/cache/zcode-plugins-official/video2code/0.6.0/commands/replicate.md",
      "rootPath": "/Users/vipulkumar/.zcode/cli/plugins/cache/zcode-plugins-official/video2code/0.6.0/commands",
      "scope": "user",
      "skills": [
        "video2code",
        "web-replicate",
        "url2video"
      ],
      "source": "plugin",
      "argumentHint": "<视频路径（mp4/webm 等）或网站 URL> [素材清单 catalog.json 路径]"
    },
    {
      "allowedTools": [],
      "description": "全栈复刻一段操作录屏 — 观察(含后端行为)→切片→计划(含 Backend design)→构建(前端 web-replicate 脚手架 + Express/sqlite 后端)→录像+curl 双叉验证, 产出 out/plan.md、out/verify.jsonl、out/report.md 三件套",
      "disableNonInteractive": false,
      "frontmatterKeys": [
        "description",
        "argument-hint",
        "skills"
      ],
      "name": "replicate-fullstack",
      "path": "/Users/vipulkumar/.zcode/cli/plugins/cache/zcode-plugins-official/video2code/0.6.0/commands/replicate-fullstack.md",
      "rootPath": "/Users/vipulkumar/.zcode/cli/plugins/cache/zcode-plugins-official/video2code/0.6.0/commands",
      "scope": "user",
      "skills": [
        "video2fullstack",
        "web-replicate",
        "url2video"
      ],
      "source": "plugin",
      "argumentHint": "<视频路径（mp4/webm 等）或网站 URL> [素材清单 catalog.json 路径]"
    },
    {
      "allowedTools": [],
      "description": "使用 video-agent-kit 完成视频剪辑任务",
      "disableNonInteractive": false,
      "frontmatterKeys": [
        "description",
        "argument-hint",
        "skills"
      ],
      "name": "video-edit",
      "path": "/Users/vipulkumar/.zcode/cli/plugins/cache/zcode-plugins-official/video-agent-kit/0.4.3/commands/video-edit.md",
      "rootPath": "/Users/vipulkumar/.zcode/cli/plugins/cache/zcode-plugins-official/video-agent-kit/0.4.3/commands",
      "scope": "user",
      "skills": [
        "video-edit-agent"
      ],
      "source": "plugin",
      "argumentHint": "[任务说明]"
    }
  ],
  "cwd": "/Users/vipulkumar/Documents/zai/zcode-port",
  "diagnostics": [
    {
      "code": "custom_command_duplicate_name",
      "message": "Duplicate custom command ignored: env-check",
      "commandName": "env-check",
      "path": "/Users/vipulkumar/.zcode/cli/plugins/cache/zcode-plugins-official/video-agent-kit/0.4.3/commands/env-check.md",
      "severity": "warning"
    }
  ],
  "totalDiscovered": 6
}
