./process-name.ts
./command-center-custom.ts
./clipboard-text.ts
./tui-submit-metadata.ts
./plugins-marketplace-command.ts
./tui-prompt-handler.ts
./tui-stderr.ts
./help.ts
./cwd.ts
./main.ts
./provider-runtime-env.ts
./tui-prompt-handler-queries.ts
./protocol-stderr.ts
./tui-runtime-loader.ts
./tui-login-state.ts
./tui-command-state.ts
./custom-command-expand.ts
./plugins-command.ts
./locale.ts
./runtime-event-subscriber.ts
./tui-workspace-paths.ts
./plugins-command-format.ts
./prompt-command.ts
./clipboard-image.ts
./sea-runtime-tools.ts
./process-errors.ts
./tui-command.ts
./tui-command-data.ts
./headless-workflow.ts
./commands-command.ts
./cli-types.ts
./bootstrap-loader.ts
./shutdown.ts
./skills-command.ts
./protocol-lifecycle.ts
./arguments.ts
./plugins-command-shared.ts
./dwf-child-command.ts
./index.ts
./plugin-host-command.ts
./tui-startup-locale.ts
./login-command.ts
./env.ts
./resume.ts
./sea-playwright-runtime.ts
./protocol-console.ts
./hooks-trust-command.ts
./tui-auth.ts
./tui-session-event-relay.ts
./run.ts
./runtime-warnings.ts
./headless-browser.ts
./command-center.ts
./tui-workspace-git.ts
./tui-prompt-handler-runtime.ts
